<password>********</password>
This is the ********.
<password><![CDATA[********]]></password>
Also a ********.
****************</password>
The final "********".

