This is a test. Don't let anyone see this: ********
There's a bunch of numbers 5432********4321 as well
And then some numbers ******** and ******** on the same line
